---
source: tests/snapshot.rs
expression: netlist
---
(export (version "E")
  (design
    (source "blinky.k")
    (date "")
    (tool "circuitc-converter"))
  (components
    (comp (ref "R1")
      (value "1kohm")
      (footprint "Resistor_SMD:R_0402_1005Metric")
      (fields (field (name "MPN") "RC0402FR-071KL"))
    )
    (comp (ref "D1")
      (value "LED_RED")
      (footprint "LED_SMD:LED_0402_1005Metric")
      (fields (field (name "MPN") "150040RS75000"))
    )
  )
  (libparts
    (libpart (lib "Resistor_SMD") (part "1kohm")
      (pins
        (pin (num "1") (name "1") (type "passive"))
        (pin (num "2") (name "2") (type "passive"))
      ))
    (libpart (lib "LED_SMD") (part "LED_RED")
      (pins
        (pin (num "1") (name "A") (type "passive"))
        (pin (num "2") (name "K") (type "passive"))
      ))
  )
  (nets
    (net (code "1") (name "VCC")
      (node (ref "R1") (pin "1"))
    )
    (net (code "2") (name "LED_ANODE")
      (node (ref "R1") (pin "2"))
      (node (ref "D1") (pin "1"))
    )
    (net (code "3") (name "GND")
      (node (ref "D1") (pin "2"))
    )
  )
)
