---
source: tests/snapshot.rs
expression: pcb
---
(kicad_pcb (version 20240108) (generator "circuitc")
  (general
    (thickness 1.6)
  )
  (paper "A4")
  (layers
    (0 "F.Cu" signal)
    (31 "B.Cu" signal)
    (32 "B.Adhes" user "B.Adhesive")
    (33 "F.Adhes" user "F.Adhesive")
    (34 "B.Paste" user)
    (35 "F.Paste" user)
    (36 "B.SilkS" user "B.Silkscreen")
    (37 "F.SilkS" user "F.Silkscreen")
    (38 "B.Mask" user)
    (39 "F.Mask" user)
    (40 "Dwgs.User" user "User.Drawings")
    (41 "Cmts.User" user "User.Comments")
    (42 "Eco1.User" user "User.Eco1")
    (43 "Eco2.User" user "User.Eco2")
    (44 "Edge.Cuts" user)
    (45 "Margin" user)
    (46 "B.CrtYd" user "B.Courtyard")
    (47 "F.CrtYd" user "F.Courtyard")
    (48 "B.Fab" user)
    (49 "F.Fab" user)
  )
  (setup
    (pad_to_mask_clearance 0)
  )
  (net 0 "")
  (net 1 "VCC")
  (net 2 "LED_ANODE")
  (net 3 "GND")
  (footprint "Resistor_SMD:R_0402_1005Metric" (layer "F.Cu")
    (uuid "00000000-0000-0000-0000-000000000001")
    (at 100 100 0)
    (descr "Resistor SMD 0402 (1005 metric)")
    (attr smd)
    (property "Reference" "R1" (at 0 -1.0 0 unlocked) (layer "F.SilkS") (uuid "00000000-0000-0000-0000-000000000002") (effects (font (size 0.5 0.5) (thickness 0.075))))
    (property "Value" "1kohm" (at 0 1.0 0 unlocked) (layer "F.Fab") (uuid "00000000-0000-0000-0000-000000000003") (effects (font (size 0.5 0.5) (thickness 0.075))))
    (pad "1" smd roundrect (at -0.47 0) (size 0.55 0.6) (layers "F.Cu" "F.Paste" "F.Mask") (roundrect_rratio 0.25) (uuid "00000000-0000-0000-0000-000000000004") (net 1 "VCC"))
    (pad "2" smd roundrect (at 0.47 0) (size 0.55 0.6) (layers "F.Cu" "F.Paste" "F.Mask") (roundrect_rratio 0.25) (uuid "00000000-0000-0000-0000-000000000005") (net 2 "LED_ANODE"))
  )
  (footprint "LED_SMD:LED_0402_1005Metric" (layer "F.Cu")
    (uuid "00000000-0000-0000-0000-000000000006")
    (at 105 100 0)
    (descr "LED SMD 0402 (1005 metric)")
    (attr smd)
    (property "Reference" "D1" (at 0 -1.0 0 unlocked) (layer "F.SilkS") (uuid "00000000-0000-0000-0000-000000000007") (effects (font (size 0.5 0.5) (thickness 0.075))))
    (property "Value" "LED_RED" (at 0 1.0 0 unlocked) (layer "F.Fab") (uuid "00000000-0000-0000-0000-000000000008") (effects (font (size 0.5 0.5) (thickness 0.075))))
    (pad "1" smd roundrect (at -0.47 0) (size 0.55 0.6) (layers "F.Cu" "F.Paste" "F.Mask") (roundrect_rratio 0.25) (uuid "00000000-0000-0000-0000-000000000009") (net 2 "LED_ANODE"))
    (pad "2" smd roundrect (at 0.47 0) (size 0.55 0.6) (layers "F.Cu" "F.Paste" "F.Mask") (roundrect_rratio 0.25) (uuid "00000000-0000-0000-0000-00000000000a") (net 3 "GND"))
  )
)
